src/components/pos/CartList.tsx(3,1): error TS6133: 'ScrollArea' is declared but its value is never read.
src/context/AuthContext.tsx(1,8): error TS6133: 'React' is declared but its value is never read.
src/context/AuthContext.tsx(1,54): error TS1484: 'ReactNode' is a type and must be imported using a type-only import when 'verbatimModuleSyntax' is enabled.
src/context/AuthContext.tsx(2,10): error TS1484: 'User' is a type and must be imported using a type-only import when 'verbatimModuleSyntax' is enabled.
src/context/CartContext.tsx(1,8): error TS6133: 'React' is declared but its value is never read.
src/context/CartContext.tsx(1,54): error TS1484: 'ReactNode' is a type and must be imported using a type-only import when 'verbatimModuleSyntax' is enabled.
src/context/CartContext.tsx(2,10): error TS1484: 'CartItem' is a type and must be imported using a type-only import when 'verbatimModuleSyntax' is enabled.
src/router/AppRouter.tsx(17,49): error TS2503: Cannot find namespace 'JSX'.
src/services/api/authApi.ts(1,10): error TS1484: 'User' is a type and must be imported using a type-only import when 'verbatimModuleSyntax' is enabled.
src/services/api/productApi.ts(1,10): error TS1484: 'Product' is a type and must be imported using a type-only import when 'verbatimModuleSyntax' is enabled.
src/types/sales.ts(1,10): error TS1484: 'Product' is a type and must be imported using a type-only import when 'verbatimModuleSyntax' is enabled.
